{
  "type": "user_transaction",
  "version": "2",
  "hash": "0xfb4cb05816a067c3dc02df8b628a2924c030937599565fb317de48736cd98b4d",
  "state_root_hash": "0xd1bd5a17524d4108a9795366cd12e9ee96f7ce262f6a046f07864c1ebfa4bb3e",
  "event_root_hash": "0x414343554d554c41544f525f504c414345484f4c4445525f4841534800000000",
  "gas_used": "1",
  "success": false,
  "vm_status": "Move bytecode deserialization / verification failed, including script function not found or invalid arguments",
  "accumulator_root_hash": "0x52ba0c9a3451bda216df7e2c588471e4d1638ff6d5b932b6afe1357011b8faf6",
  "sender": "0xa550c18",
  "sequence_number": "0",
  "max_gas_amount": "2000",
  "gas_unit_price": "0",
  "gas_currency_code": "XUS",
  "expiration_timestamp_secs": "18446744073709551615",
  "payload": {
    "type": "script_function_payload",
    "function": "0x1::TestCoin::transfer_invalid",
    "type_arguments": [],
    "arguments": [
      "0x00000000000000000000000000000000000000000000000000000000000000dd",
      "0x0100000000000000"
    ]
  },
  "signature": {
    "type": "ed25519_signature",
    "public_key": "0xb9c6ee1630ef3e711144a648db06bbb2284f7274cfbee53ffcee503cc1a49200",
    "signature": "0x446060cb7b869883cb022bf6ea5e78a3c9bd454410f12904fd17c2f6041019cabdd1c6149b3974a389c49e9e416c994c1ccc6b7cc15be3a2ef3440e353ddad0d"
  },
  "events": [],
  "timestamp": "1"
}
