{
  "type": "user_transaction",
  "version": "2",
  "hash": "0x76c29783900a695057e9a7fa2973a0f555432d36e9aab9dec3cd31ec166e68b3",
  "state_root_hash": "0xd1bd5a17524d4108a9795366cd12e9ee96f7ce262f6a046f07864c1ebfa4bb3e",
  "event_root_hash": "0x414343554d554c41544f525f504c414345484f4c4445525f4841534800000000",
  "gas_used": "1",
  "success": false,
  "vm_status": "Move bytecode deserialization / verification failed, including script function not found or invalid arguments",
  "accumulator_root_hash": "0x1ff4f7613babefff818504092c5ad4c3fdd2cc9ae7f21028c356f49822df10a6",
  "sender": "0xa550c18",
  "sequence_number": "0",
  "max_gas_amount": "2000",
  "gas_unit_price": "0",
  "gas_currency_code": "XUS",
  "expiration_timestamp_secs": "18446744073709551615",
  "payload": {
    "type": "script_function_payload",
    "function": "0x1::TestCoin::transfer",
    "type_arguments": [],
    "arguments": [
      "0x00000000000000000000000000000000000000000000000000000000000000dd",
      "0x01"
    ]
  },
  "signature": {
    "type": "ed25519_signature",
    "public_key": "0xb9c6ee1630ef3e711144a648db06bbb2284f7274cfbee53ffcee503cc1a49200",
    "signature": "0x7ba954d382f751df0c3da4fd507feadf0ee6b995eca588e39a94bdac37db32422f183f29962380dca2b3f3ebfdb43841594499eb7b9196aac73a7266d9d1fc0e"
  },
  "events": [],
  "timestamp": "1"
}
