{
  "type": "user_transaction",
  "version": "2",
  "hash": "0xba9f68d656259750fdd87d6448bfff411daa120eaa47c8209020d5697598e04d",
  "state_root_hash": "0xd1bd5a17524d4108a9795366cd12e9ee96f7ce262f6a046f07864c1ebfa4bb3e",
  "event_root_hash": "0x414343554d554c41544f525f504c414345484f4c4445525f4841534800000000",
  "gas_used": "1",
  "success": false,
  "vm_status": "Move bytecode deserialization / verification failed, including script function not found or invalid arguments",
  "accumulator_root_hash": "0x26b16156fc094d2e00905e45fd0fdc225a6bb1a2efccfde39f137868294f6228",
  "sender": "0xa550c18",
  "sequence_number": "0",
  "max_gas_amount": "2000",
  "gas_unit_price": "0",
  "gas_currency_code": "XUS",
  "expiration_timestamp_secs": "18446744073709551615",
  "payload": {
    "type": "script_function_payload",
    "function": "0x1222::TestCoin::transfer",
    "type_arguments": [],
    "arguments": [
      "0x00000000000000000000000000000000000000000000000000000000000000dd",
      "0x0100000000000000"
    ]
  },
  "signature": {
    "type": "ed25519_signature",
    "public_key": "0xb9c6ee1630ef3e711144a648db06bbb2284f7274cfbee53ffcee503cc1a49200",
    "signature": "0x85a13ad035b44e0925d0d9768c8ddf9402c181f16d20f896bb1e65c2a879eacd2516bd184353529ba50e4952eb4accf9d072d05b3834f533314a34b786163f01"
  },
  "events": [],
  "timestamp": "1"
}
