[
  {
    "type": "block_metadata_transaction",
    "version": "15",
    "hash": "0xab4b8030c0f02abde2a88a278e7e8306c96e2d63bdb9bdb397127c2d6ff124a3",
    "state_root_hash": "0xbeb5d828bfee178a2dab14bf491608a94213efea43989f58563b6e1499ba305b",
    "event_root_hash": "0xfc0f9408425e820476668a895d8f224289bdb47f9ae81ea453cbf73d9d38d9dc",
    "gas_used": "0",
    "success": true,
    "vm_status": "Executed successfully",
    "accumulator_root_hash": "0xb294395c54bc8b336e4861475840f3707dbf226cfdc453964817451febb1beb5",
    "id": "0x4a876b463d1297603568c40e814d9d5396d23087a0fd641e91e0e00df6c012cd",
    "round": "1",
    "previous_block_votes": [],
    "proposer": "0xf85fd00e30cd388d2609db24d6cc44f2652f27413456938eaa059f65231647cc",
    "timestamp": "8"
  },
  {
    "type": "user_transaction",
    "version": "16",
    "hash": "0xb005187cad5b6333f57953e9bcf33dd8daae31f536f560deb34747638edbb110",
    "state_root_hash": "0xe4fdbff767dc71f715e80a62d6ae84c5f75cb6062e9537ac69a1b853f15448ea",
    "event_root_hash": "0x414343554d554c41544f525f504c414345484f4c4445525f4841534800000000",
    "gas_used": "98",
    "success": true,
    "vm_status": "Executed successfully",
    "accumulator_root_hash": "0x458ff8c7093d58db447341bba8c42c954c7f7ed12971542711c68c70181ab785",
    "sender": "0xa550c18",
    "sequence_number": "7",
    "max_gas_amount": "2000",
    "gas_unit_price": "0",
    "gas_currency_code": "XUS",
    "expiration_timestamp_secs": "18446744073709551615",
    "payload": {
      "type": "script_function_payload",
      "function": "0x1::AptosAccount::create_account",
      "type_arguments": [],
      "arguments": [
        "0x9e4c52c179a8a4cf9189a8ba861693be8547d921c8b210ec95e9a8c29ce83623"
      ]
    },
    "signature": {
      "type": "ed25519_signature",
      "public_key": "0xb9c6ee1630ef3e711144a648db06bbb2284f7274cfbee53ffcee503cc1a49200",
      "signature": "0x24276ee25353af67f112c6f5c656ebdd20560d799d472ea1676a407e5fd03a2b019413055abd87839fe3944e30589a6d20f675b50c0fab2a7c3883b772b2930f"
    },
    "events": [],
    "timestamp": "8"
  },
  {
    "type": "block_metadata_transaction",
    "version": "17",
    "hash": "0xff76c3e356955265af1d3ba30315df5a21b41ae06dc08012062e12f96b259b2c",
    "state_root_hash": "0x8d1600680ac04a6b5786716f7c3d39176de5cb4d26a07fbcb82b61bc56ffb0ac",
    "event_root_hash": "0xa6a9b44eb5c9a225afd2d745cccbcf07c5acb9e9bfa7b4c9d88ffa39a4c3f117",
    "gas_used": "0",
    "success": true,
    "vm_status": "Executed successfully",
    "accumulator_root_hash": "0x63af58d310ed42f754a31515da26fd3e0ea5f48c2b53af7054bce4f8cbc6e774",
    "id": "0x464b5ca6488b897c005b2e17f00fc0bc8e7ed3f2ab59d607b0e3586bda1cda4e",
    "round": "1",
    "previous_block_votes": [],
    "proposer": "0xf85fd00e30cd388d2609db24d6cc44f2652f27413456938eaa059f65231647cc",
    "timestamp": "9"
  },
  {
    "type": "user_transaction",
    "version": "18",
    "hash": "0x3476838dfa0d08d7e013666b6a0dc3d46881c010db363466334eb27c4d72bfe0",
    "state_root_hash": "0x4575969b4bb2778f37680b7934f2acd938b93863411271cfda80317a90f8c46a",
    "event_root_hash": "0x414343554d554c41544f525f504c414345484f4c4445525f4841534800000000",
    "gas_used": "98",
    "success": true,
    "vm_status": "Executed successfully",
    "accumulator_root_hash": "0x6dddcf7fc5cc852b252fc9732978af89f57da19c4bbb4de7d7b57c2208f3d8b8",
    "sender": "0xa550c18",
    "sequence_number": "8",
    "max_gas_amount": "2000",
    "gas_unit_price": "0",
    "gas_currency_code": "XUS",
    "expiration_timestamp_secs": "18446744073709551615",
    "payload": {
      "type": "script_function_payload",
      "function": "0x1::AptosAccount::create_account",
      "type_arguments": [],
      "arguments": [
        "0x59c02dfad19271ecb71d6ef1095d174cfcd641696135b76cd1cbf28f79e134c"
      ]
    },
    "signature": {
      "type": "ed25519_signature",
      "public_key": "0xb9c6ee1630ef3e711144a648db06bbb2284f7274cfbee53ffcee503cc1a49200",
      "signature": "0x52b0f1ae09c69b5c3aee512d1d7528aed1e5bbe19e94cee81d382d81f30a12ceada2740c80b08934fa323ed1e3401b65669f8b3c7ee076adb8d6bab81e059200"
    },
    "events": [],
    "timestamp": "9"
  },
  {
    "type": "block_metadata_transaction",
    "version": "19",
    "hash": "0xc7f0b608aeabd6d96828cb0ef04a2b598ca2bc3ac8e644cf6ef799021494c9b0",
    "state_root_hash": "0x4bf088ce349c33957000c6529b0b9877701bec7772ed542f1168af6e2ecb9eff",
    "event_root_hash": "0x496e79b2a294b6c0eb9a2b0e4827a2f0c0c559074ce5dfbf4e4462f08d12dfc8",
    "gas_used": "0",
    "success": true,
    "vm_status": "Executed successfully",
    "accumulator_root_hash": "0x7e1e3f81c3b51f61090abd42582984e49cc8e12476daf2aff4fd4f8a4ca0d7a1",
    "id": "0x19d258b113d8e3e12bca2aa612b304ece5b25988818dd7234e049913233eb918",
    "round": "1",
    "previous_block_votes": [],
    "proposer": "0xf85fd00e30cd388d2609db24d6cc44f2652f27413456938eaa059f65231647cc",
    "timestamp": "10"
  },
  {
    "type": "user_transaction",
    "version": "20",
    "hash": "0x4064a6f58e282eac3ab0f619a6efd35700acd8ec4292b6acc244d29c5a63edad",
    "state_root_hash": "0x6b19a255e066132c7de5d0ccb752419008d0c00fd1285535d984390f9cf39382",
    "event_root_hash": "0x414343554d554c41544f525f504c414345484f4c4445525f4841534800000000",
    "gas_used": "98",
    "success": true,
    "vm_status": "Executed successfully",
    "accumulator_root_hash": "0xc07dff3898a83f27a5f763ebd682ef6efc136eb75b4b618e5102556844795306",
    "sender": "0xa550c18",
    "sequence_number": "9",
    "max_gas_amount": "2000",
    "gas_unit_price": "0",
    "gas_currency_code": "XUS",
    "expiration_timestamp_secs": "18446744073709551615",
    "payload": {
      "type": "script_function_payload",
      "function": "0x1::AptosAccount::create_account",
      "type_arguments": [],
      "arguments": [
        "0xd1fdd7f5e3329151d0c0f2cf8d2e7041d5c6bedea6f4cafe97677ac6e39d7333"
      ]
    },
    "signature": {
      "type": "ed25519_signature",
      "public_key": "0xb9c6ee1630ef3e711144a648db06bbb2284f7274cfbee53ffcee503cc1a49200",
      "signature": "0xc333f8498e8e0b36e097c8347f7bb3afad9f76008937fe5f99aa63e75e7f7591f0aa24164d11fd1f1ff628eec7d50638b74f1a33fed1ee555957495d697f1c00"
    },
    "events": [],
    "timestamp": "10"
  },
  {
    "type": "block_metadata_transaction",
    "version": "21",
    "hash": "0x87595e096f8f40bcc5b304449d1a746fe849a097b2894dcf08da17fbe2add83c",
    "state_root_hash": "0x639b471d7c24e0f02d552f60634fd5bec46f651c37e6ab8c97e12142167f8f79",
    "event_root_hash": "0x32505461d562923642b8f4144f32e3e73955e76f0f2a969e1c4749246664ee81",
    "gas_used": "0",
    "success": true,
    "vm_status": "Executed successfully",
    "accumulator_root_hash": "0xf4dffc06671fae22a05d29cf16b09ad365dfa4227552712259da78e9474dfd38",
    "id": "0xb99003d30a245ac74a02e26e45cb80ee1b9c00a93345ce5f12bea9ffe04748d6",
    "round": "1",
    "previous_block_votes": [],
    "proposer": "0xf85fd00e30cd388d2609db24d6cc44f2652f27413456938eaa059f65231647cc",
    "timestamp": "11"
  },
  {
    "type": "user_transaction",
    "version": "22",
    "hash": "0x429f7932d5117b52338a30608bb442d97f8d6bfede316413364456d3dbaecac5",
    "state_root_hash": "0x64a7d72039e9296d22220700abce22e29e94c1cefa187db08f85949e63aa4699",
    "event_root_hash": "0x414343554d554c41544f525f504c414345484f4c4445525f4841534800000000",
    "gas_used": "98",
    "success": true,
    "vm_status": "Executed successfully",
    "accumulator_root_hash": "0x0e9ea9c8749caccf0ac053fd7814bde2ab3bae8fb93603f0f69d069b17aad3d1",
    "sender": "0xa550c18",
    "sequence_number": "10",
    "max_gas_amount": "2000",
    "gas_unit_price": "0",
    "gas_currency_code": "XUS",
    "expiration_timestamp_secs": "18446744073709551615",
    "payload": {
      "type": "script_function_payload",
      "function": "0x1::AptosAccount::create_account",
      "type_arguments": [],
      "arguments": [
        "0x629ec1c7de426633839c3f68e4ea92581232c8cbdd579ba57478b26e5876da5f"
      ]
    },
    "signature": {
      "type": "ed25519_signature",
      "public_key": "0xb9c6ee1630ef3e711144a648db06bbb2284f7274cfbee53ffcee503cc1a49200",
      "signature": "0xb2cdf35441b76178dc30b1a324a403f15c58ef9cbb6c9341d83436084d4dad3688f78ee09f001ba24839043b8dbdebd0a668650d3cbe206cc0aaa73511690a0d"
    },
    "events": [],
    "timestamp": "11"
  },
  {
    "type": "block_metadata_transaction",
    "version": "23",
    "hash": "0x9bed1b067e0c22ac849b46bbf5c73cbd59ecd769cf8d9c10632f4226b9b5cc23",
    "state_root_hash": "0xac5e76ab303adc9a13322cd41a53650a89eb3f1e66d36779a26294c1cff39e13",
    "event_root_hash": "0xb473990da4cec260bef238d5fa0ae94273985146231517965ee00a0d8e543489",
    "gas_used": "0",
    "success": true,
    "vm_status": "Executed successfully",
    "accumulator_root_hash": "0xfaeb7c2aeb0ed49eed09b7ff15f905fd07ceed148be618cf65bdb21989ed7a58",
    "id": "0xea95b8f9082c10620c0d6e3fc9596b4538d0dc24bec371bb3e4634561f8892e6",
    "round": "1",
    "previous_block_votes": [],
    "proposer": "0xf85fd00e30cd388d2609db24d6cc44f2652f27413456938eaa059f65231647cc",
    "timestamp": "12"
  },
  {
    "type": "user_transaction",
    "version": "24",
    "hash": "0x277ff77f657097e04b869e3c3ddeb670ae8de581296fedafd22d5d725cffb962",
    "state_root_hash": "0xf8c28178fdee310ef5e4c75b49e7dbcfeb67b1aed1cc423a40b8bc5b893f0f18",
    "event_root_hash": "0x414343554d554c41544f525f504c414345484f4c4445525f4841534800000000",
    "gas_used": "98",
    "success": true,
    "vm_status": "Executed successfully",
    "accumulator_root_hash": "0xbced0e6bea1861cf24e786f021826a3bb1401cdc9d9701853f9f001d80171b86",
    "sender": "0xa550c18",
    "sequence_number": "11",
    "max_gas_amount": "2000",
    "gas_unit_price": "0",
    "gas_currency_code": "XUS",
    "expiration_timestamp_secs": "18446744073709551615",
    "payload": {
      "type": "script_function_payload",
      "function": "0x1::AptosAccount::create_account",
      "type_arguments": [],
      "arguments": [
        "0x71f9cc8709deb65a1d8019f02735da21bfd43be9f8c75bbdca45560958bc65a9"
      ]
    },
    "signature": {
      "type": "ed25519_signature",
      "public_key": "0xb9c6ee1630ef3e711144a648db06bbb2284f7274cfbee53ffcee503cc1a49200",
      "signature": "0xa9234a061830d0f1d32c7b3c42b282c975b0901eb523849c25265d81d34ccf8bac6b2f710a7ea8e87d429d9cd7674ccf994addb5bb0db5c64d02c92071841807"
    },
    "events": [],
    "timestamp": "12"
  },
  {
    "type": "block_metadata_transaction",
    "version": "25",
    "hash": "0x0b7764d54ad6dd6490a482a7997a598a5257024017993eafcd936a95c0efdb80",
    "state_root_hash": "0xa0b39c8349b01622319767253eaa351998d84fea95aa3d17c9761aa485446e70",
    "event_root_hash": "0x8e252e4998b08918e04f49d8c009144fc995a000a923667efc111157916c565c",
    "gas_used": "0",
    "success": true,
    "vm_status": "Executed successfully",
    "accumulator_root_hash": "0xc4703db03e868f5527fdd05764a10c6600ac5ac7e9d290cc7272034ae34edca4",
    "id": "0xa229ec3dd885442b44972526c4e8ce25a0416c3955d818bb1ab0e832877d6282",
    "round": "1",
    "previous_block_votes": [],
    "proposer": "0xf85fd00e30cd388d2609db24d6cc44f2652f27413456938eaa059f65231647cc",
    "timestamp": "13"
  },
  {
    "type": "user_transaction",
    "version": "26",
    "hash": "0x750a742c065f0acd2f687fbb7f7cee8a8e5dfef32562a629232fead46717ae39",
    "state_root_hash": "0x9d00d3492e5668eb094111c96feceb7f2390fa955b2aaf19f8b21a6a79a67ea6",
    "event_root_hash": "0x414343554d554c41544f525f504c414345484f4c4445525f4841534800000000",
    "gas_used": "98",
    "success": true,
    "vm_status": "Executed successfully",
    "accumulator_root_hash": "0xa1d8a46f65b7466f6dd32c81d2a99fac779aa95a6396d77a4b56da3ece1d5378",
    "sender": "0xa550c18",
    "sequence_number": "12",
    "max_gas_amount": "2000",
    "gas_unit_price": "0",
    "gas_currency_code": "XUS",
    "expiration_timestamp_secs": "18446744073709551615",
    "payload": {
      "type": "script_function_payload",
      "function": "0x1::AptosAccount::create_account",
      "type_arguments": [],
      "arguments": [
        "0x811a29fed994d121a6d1a8d422a73ddfaa9cef6cf313477409c6ca6462bdbec"
      ]
    },
    "signature": {
      "type": "ed25519_signature",
      "public_key": "0xb9c6ee1630ef3e711144a648db06bbb2284f7274cfbee53ffcee503cc1a49200",
      "signature": "0x10b140e3b51eb683f51a152140fa6353e65d6f35933ba8f428c3ee7d09cea032cf14fcd64b03a0b8ebab30d1f752ab6adbe1e45a726ef706cda4c4e631dda806"
    },
    "events": [],
    "timestamp": "13"
  },
  {
    "type": "block_metadata_transaction",
    "version": "27",
    "hash": "0xacb5e69631257947d0bdb5453e02de7f760e27c7432f53e41950a959f73f3cc1",
    "state_root_hash": "0xb636c2718725605d8a41828a72e85b62ff44908ee094fde78aa11d5954d2b8b1",
    "event_root_hash": "0x0705a795230d060400e635f254aea3c6325d1abebc2f9a5e4554356ccf67ecee",
    "gas_used": "0",
    "success": true,
    "vm_status": "Executed successfully",
    "accumulator_root_hash": "0xb46c41a72e8604a4fde6dfebf25aa3a12580134afa9657bb3e17522c3850000a",
    "id": "0x80ec4f332f4d1a6742c537f2bb32473b01b1dcb1caac942722a4787bb185e479",
    "round": "1",
    "previous_block_votes": [],
    "proposer": "0xf85fd00e30cd388d2609db24d6cc44f2652f27413456938eaa059f65231647cc",
    "timestamp": "14"
  },
  {
    "type": "user_transaction",
    "version": "28",
    "hash": "0x293cb2175c43a7e3bfa1c71cab004fb0867bbc6fb5f8e36901bf92b245e3c78d",
    "state_root_hash": "0x11727760b7bdb5b8ae9ec7b04e3fce1a089f3350019a75e5833660a5f0cb4797",
    "event_root_hash": "0x414343554d554c41544f525f504c414345484f4c4445525f4841534800000000",
    "gas_used": "98",
    "success": true,
    "vm_status": "Executed successfully",
    "accumulator_root_hash": "0x774f3c325a77e8211af985eebc217005a096a68e97c2c1f0c7ca4fcb63558106",
    "sender": "0xa550c18",
    "sequence_number": "13",
    "max_gas_amount": "2000",
    "gas_unit_price": "0",
    "gas_currency_code": "XUS",
    "expiration_timestamp_secs": "18446744073709551615",
    "payload": {
      "type": "script_function_payload",
      "function": "0x1::AptosAccount::create_account",
      "type_arguments": [],
      "arguments": [
        "0x2466e5bfe75e3531bf24c8aa25074f165b997e19c80a36a9eccea767b263f2a4"
      ]
    },
    "signature": {
      "type": "ed25519_signature",
      "public_key": "0xb9c6ee1630ef3e711144a648db06bbb2284f7274cfbee53ffcee503cc1a49200",
      "signature": "0xfdcddd0525ed053d72d1208be2f876cd2bb64450900951f394ba9a5b1babd67a9cde1451804ba1109f5b658704a26135abe86f53a09027e06173f196e84aff0d"
    },
    "events": [],
    "timestamp": "14"
  },
  {
    "type": "block_metadata_transaction",
    "version": "29",
    "hash": "0xcd0ef18ec2388d7e92564fb7d68b5c3c1bb21cf5c52ea27b19b40ee78c561c94",
    "state_root_hash": "0xe9f8ab3b3cda601e720635e93702e6c4b74db3a7cf1f7f3478c292c3a91819ea",
    "event_root_hash": "0xe983a92b7c4b5440b045e59d64cff9044536782ab5b6c6089e1cfe05ffb50218",
    "gas_used": "0",
    "success": true,
    "vm_status": "Executed successfully",
    "accumulator_root_hash": "0x39f9ba689aa5ca5119c611deac9112d6a1d1a2e3683762cb485375996737a6b2",
    "id": "0x842f736ab973e87f53b4857842789a1dd59167629b3c5cabe47dbf48827ec081",
    "round": "1",
    "previous_block_votes": [],
    "proposer": "0xf85fd00e30cd388d2609db24d6cc44f2652f27413456938eaa059f65231647cc",
    "timestamp": "15"
  },
  {
    "type": "user_transaction",
    "version": "30",
    "hash": "0xbf6b2e6a7ed731aa1c5ea618a992d636bdac316c031a40278910edf92361bb79",
    "state_root_hash": "0xe89818e708bc7c1c872809d6d617b8ea48f33273828166692776e647d271f651",
    "event_root_hash": "0x414343554d554c41544f525f504c414345484f4c4445525f4841534800000000",
    "gas_used": "98",
    "success": true,
    "vm_status": "Executed successfully",
    "accumulator_root_hash": "0x1427e9c86f1b695030a3ca0df0e97751dc8355852a7c77ad226f19df812551fc",
    "sender": "0xa550c18",
    "sequence_number": "14",
    "max_gas_amount": "2000",
    "gas_unit_price": "0",
    "gas_currency_code": "XUS",
    "expiration_timestamp_secs": "18446744073709551615",
    "payload": {
      "type": "script_function_payload",
      "function": "0x1::AptosAccount::create_account",
      "type_arguments": [],
      "arguments": [
        "0xe6729b2cdb9dd280cefaa1121c496e82e94a75bf429a1e83bc2f5f605780c345"
      ]
    },
    "signature": {
      "type": "ed25519_signature",
      "public_key": "0xb9c6ee1630ef3e711144a648db06bbb2284f7274cfbee53ffcee503cc1a49200",
      "signature": "0xc48252e08cd7e961188c89e459e092ec2a19365f1f91132018b7480081201eff0a499bb62b76c5f6995867e2331dda498c1c7bb33599c402808030fed390650f"
    },
    "events": [],
    "timestamp": "15"
  },
  {
    "type": "block_metadata_transaction",
    "version": "31",
    "hash": "0xe7c21dbd27d48c1c39e2b0e232e7ae5c92dbed02adc5dd45f8f4afa3759198d4",
    "state_root_hash": "0x7f2d3707557ab13cfa12f452244a52bfeb03990a84dff8d891be27f0d12029e0",
    "event_root_hash": "0x65d9c64fc0037bcbc4d77763204f191e92635cc864e3da1ab60b9665368c9371",
    "gas_used": "0",
    "success": true,
    "vm_status": "Executed successfully",
    "accumulator_root_hash": "0xab4a0bb2fcb79f4c788ac0b1913ea4c870538723628aa54628dca8839321f3fa",
    "id": "0x3beda43d6e9f9b1b1bc44cdfce3574e7f7f0b2de2323a06ebc356bad614726b3",
    "round": "1",
    "previous_block_votes": [],
    "proposer": "0xf85fd00e30cd388d2609db24d6cc44f2652f27413456938eaa059f65231647cc",
    "timestamp": "16"
  },
  {
    "type": "user_transaction",
    "version": "32",
    "hash": "0x91d674d2f112a51df5df3643b8c343c948dac2f8713a61b0eb98678a256ec218",
    "state_root_hash": "0x85fb4b2105d629e3b7dff5a8edb2bb7bb8ffa81569863662ef644ce8444b823e",
    "event_root_hash": "0x414343554d554c41544f525f504c414345484f4c4445525f4841534800000000",
    "gas_used": "98",
    "success": true,
    "vm_status": "Executed successfully",
    "accumulator_root_hash": "0xe434b6d01ebfa3f04cb1af2990a2cc925305806544908720778909da8df6f3b6",
    "sender": "0xa550c18",
    "sequence_number": "15",
    "max_gas_amount": "2000",
    "gas_unit_price": "0",
    "gas_currency_code": "XUS",
    "expiration_timestamp_secs": "18446744073709551615",
    "payload": {
      "type": "script_function_payload",
      "function": "0x1::AptosAccount::create_account",
      "type_arguments": [],
      "arguments": [
        "0xbc8b6a81cd04f4de0119ff7ab7ec5eb28797e5ab659071fc7f4ed8285963fbbc"
      ]
    },
    "signature": {
      "type": "ed25519_signature",
      "public_key": "0xb9c6ee1630ef3e711144a648db06bbb2284f7274cfbee53ffcee503cc1a49200",
      "signature": "0x2f0bdb2bc638d0e85a64e516046a1736ac4724213d7a8eea6be3564a742ace155a65ed7f059af943c71b98b7bfa2eb6507cfe5ad424df171b2072db8e5821507"
    },
    "events": [],
    "timestamp": "16"
  },
  {
    "type": "block_metadata_transaction",
    "version": "33",
    "hash": "0x024ded6930a59f0bab79f57ad6b7d21ca11b47ffbf85736ff221c255669202d4",
    "state_root_hash": "0xe1def07aa666c56604c030944f627fdcdb9954c6c1ab1cdc668481278a2b8c1b",
    "event_root_hash": "0x20747e0a553e9e055902d419f76f38004ba4d751fbe959c32c1ff6c4a982d578",
    "gas_used": "0",
    "success": true,
    "vm_status": "Executed successfully",
    "accumulator_root_hash": "0x20098bf02244b85ea79f4838803ddab0fad8941666195dcb73a9edbc8f5f0f16",
    "id": "0x755687120a7c6df2389c373c8fbe06bda7a61120652668dd5687fee73fac7a2c",
    "round": "1",
    "previous_block_votes": [],
    "proposer": "0xf85fd00e30cd388d2609db24d6cc44f2652f27413456938eaa059f65231647cc",
    "timestamp": "17"
  },
  {
    "type": "user_transaction",
    "version": "34",
    "hash": "0xd98a9fbe2bad5111389277c677168a8075f6de9fe1003a31e0af68c5cad4dc7a",
    "state_root_hash": "0xf7b421100a2638da76132327dd1f9bdd10236c4a8c36d3eaaabd8e885f934d2b",
    "event_root_hash": "0x414343554d554c41544f525f504c414345484f4c4445525f4841534800000000",
    "gas_used": "98",
    "success": true,
    "vm_status": "Executed successfully",
    "accumulator_root_hash": "0xc4457e9df6b03862301a3894814ed7f5e533b3da1484a0a04774a2e8b2120b7d",
    "sender": "0xa550c18",
    "sequence_number": "16",
    "max_gas_amount": "2000",
    "gas_unit_price": "0",
    "gas_currency_code": "XUS",
    "expiration_timestamp_secs": "18446744073709551615",
    "payload": {
      "type": "script_function_payload",
      "function": "0x1::AptosAccount::create_account",
      "type_arguments": [],
      "arguments": [
        "0x3a005a7fa8e1c2fdab97247be839d548711d07e26b682d3f8b6bb9f6fa804332"
      ]
    },
    "signature": {
      "type": "ed25519_signature",
      "public_key": "0xb9c6ee1630ef3e711144a648db06bbb2284f7274cfbee53ffcee503cc1a49200",
      "signature": "0xa1d61eb584d8557ece711ed9638b9118891addcaa71de25707f737c53977207a03b5f8dfcf5550004ee045df6305e62a07b0945bdf5c4324adc45263d697160f"
    },
    "events": [],
    "timestamp": "17"
  },
  {
    "type": "block_metadata_transaction",
    "version": "35",
    "hash": "0xa7507dd24e0c31f630087d85c5ffdb72e4352ab70020ae31044d6be77ea72a13",
    "state_root_hash": "0x5dfe26c828d2ed9fa475ffe36675ecc07cee22f7e2a6274fec55e0871a4b76c8",
    "event_root_hash": "0x239c9fd4aed1dc852e6bd817282c845600d5f578ab140a267d50ffb5d365bf7a",
    "gas_used": "0",
    "success": true,
    "vm_status": "Executed successfully",
    "accumulator_root_hash": "0x56d944f192243ea5b1eeac4c96810405e5f49ae06e23dddc5708379ec8658f74",
    "id": "0x430d191fbc937d42f74104aa291871f4b9d120f76583a1da5d1123f2b8a0ac60",
    "round": "1",
    "previous_block_votes": [],
    "proposer": "0xf85fd00e30cd388d2609db24d6cc44f2652f27413456938eaa059f65231647cc",
    "timestamp": "18"
  },
  {
    "type": "user_transaction",
    "version": "36",
    "hash": "0x52db7d684b9b639df27c58af049438257ae97bc0a41655b456ef680d2cd5accb",
    "state_root_hash": "0x98afeb239b27ad1c981fd234f9d01ecbe190013074a8eb7cecb457b5416dc3b5",
    "event_root_hash": "0x414343554d554c41544f525f504c414345484f4c4445525f4841534800000000",
    "gas_used": "98",
    "success": true,
    "vm_status": "Executed successfully",
    "accumulator_root_hash": "0xc82e7fa843d5376a528172d311bb6bfd6187dfcab351f174abae3ca8ebc28db8",
    "sender": "0xa550c18",
    "sequence_number": "17",
    "max_gas_amount": "2000",
    "gas_unit_price": "0",
    "gas_currency_code": "XUS",
    "expiration_timestamp_secs": "18446744073709551615",
    "payload": {
      "type": "script_function_payload",
      "function": "0x1::AptosAccount::create_account",
      "type_arguments": [],
      "arguments": [
        "0x73cb8245b462c25d2c0792576c83f26a66456c6c26ed271769be71ec85920331"
      ]
    },
    "signature": {
      "type": "ed25519_signature",
      "public_key": "0xb9c6ee1630ef3e711144a648db06bbb2284f7274cfbee53ffcee503cc1a49200",
      "signature": "0x24623003657153bd5e2d49cf79230db9a4823a9a83aec634cbbe022f91d8e80773d7254bb70371dd296c63f560f48699f279a21addf5d1658213f151a875eb04"
    },
    "events": [],
    "timestamp": "18"
  },
  {
    "type": "block_metadata_transaction",
    "version": "37",
    "hash": "0x12a953e6b6bcd5bac5cf670f018ec1a1f4b918a3e8a6c7398fdf3f935dae6b48",
    "state_root_hash": "0x7bb74e7982c71fd0873145297d7e9018239308d079c8705878368fb077d91748",
    "event_root_hash": "0x0fb2cd74861c38ca95112f194e496f084333fb444284b1005e7eb9ed061c0ecb",
    "gas_used": "0",
    "success": true,
    "vm_status": "Executed successfully",
    "accumulator_root_hash": "0xf576a9f63554dfce6e31681a347064c838f90a62929396a7515f00ab20dfd8a7",
    "id": "0x2af5203112331adc2ed6f402dca396bfe6dfa3ac8a57ea08860870fd515cf7ca",
    "round": "1",
    "previous_block_votes": [],
    "proposer": "0xf85fd00e30cd388d2609db24d6cc44f2652f27413456938eaa059f65231647cc",
    "timestamp": "19"
  },
  {
    "type": "user_transaction",
    "version": "38",
    "hash": "0xf8fdcf32cecb009eca615eeccfd7acd226bee55147dda78b75f33896a1a8143d",
    "state_root_hash": "0x54114121281f875e4c9df1c78942a4688a9b598e045e839f2ba27a9e07425cc3",
    "event_root_hash": "0x414343554d554c41544f525f504c414345484f4c4445525f4841534800000000",
    "gas_used": "98",
    "success": true,
    "vm_status": "Executed successfully",
    "accumulator_root_hash": "0x5c58f40a339fb2fe4152a33516e3a0255a4a284eeb9d820be15f63f6cc451dce",
    "sender": "0xa550c18",
    "sequence_number": "18",
    "max_gas_amount": "2000",
    "gas_unit_price": "0",
    "gas_currency_code": "XUS",
    "expiration_timestamp_secs": "18446744073709551615",
    "payload": {
      "type": "script_function_payload",
      "function": "0x1::AptosAccount::create_account",
      "type_arguments": [],
      "arguments": [
        "0xb8e26002ab0e7a0849cb7c9618faa67dbd7c2167f944102d2dd80ab33f8491b2"
      ]
    },
    "signature": {
      "type": "ed25519_signature",
      "public_key": "0xb9c6ee1630ef3e711144a648db06bbb2284f7274cfbee53ffcee503cc1a49200",
      "signature": "0x07387ca192904817b0617e72348a8aa5d9e5e781288332362b72d79242e69d3f57f453495954a35759241247188427663c0b2a073ed4635018d325cadf9d020d"
    },
    "events": [],
    "timestamp": "19"
  },
  {
    "type": "block_metadata_transaction",
    "version": "39",
    "hash": "0x2b9f44dbdcf4cb278e5e49d6981385801f6cbcfd0e5b6854537094b04f4f95f5",
    "state_root_hash": "0xc39563737a8fe1e1322697e4ab2b92f4671ea80b9b2ff9835b0124146e8975ee",
    "event_root_hash": "0xa478d3f1b71522bd300aeff7b6d0838796c8b5d21226303ae99d4ada6981e19e",
    "gas_used": "0",
    "success": true,
    "vm_status": "Executed successfully",
    "accumulator_root_hash": "0xeb0611d529832b6f380586f4df5d038c42b5b16d0d14ae7608d33e9bcdf8f5d3",
    "id": "0xe451cd3c364076623c0231898be0722c08e4eb229c44cb957d29cf7370af8a1b",
    "round": "1",
    "previous_block_votes": [],
    "proposer": "0xf85fd00e30cd388d2609db24d6cc44f2652f27413456938eaa059f65231647cc",
    "timestamp": "20"
  }
]
