{
  "type": "user_transaction",
  "version": "2",
  "hash": "0x2bf7670f9cea191af66917f1a2d3592fe82c9d004b66ab62ac8162e6d45af145",
  "state_root_hash": "0xd1bd5a17524d4108a9795366cd12e9ee96f7ce262f6a046f07864c1ebfa4bb3e",
  "event_root_hash": "0x414343554d554c41544f525f504c414345484f4c4445525f4841534800000000",
  "gas_used": "1",
  "success": false,
  "vm_status": "Move bytecode deserialization / verification failed, including script function not found or invalid arguments",
  "accumulator_root_hash": "0x9eca13db0612035121718032b0ad7446bea3932dd72775eff8b4654ad77dc1f8",
  "sender": "0xa550c18",
  "sequence_number": "0",
  "max_gas_amount": "2000",
  "gas_unit_price": "0",
  "gas_currency_code": "XUS",
  "expiration_timestamp_secs": "18446744073709551615",
  "payload": {
    "type": "script_payload",
    "code": {
      "bytecode": "0xa11ceb0b030000",
      "abi": null
    },
    "type_arguments": [],
    "arguments": []
  },
  "signature": {
    "type": "ed25519_signature",
    "public_key": "0xb9c6ee1630ef3e711144a648db06bbb2284f7274cfbee53ffcee503cc1a49200",
    "signature": "0x7c0138e74c71b9178ecedcd2feb19379db4f867c17cbb9eca630d3dce4017e1fe1802afedd1648edbf1cca16064abf9a4a52964eb5cc7b776eef2136f3d9bb04"
  },
  "events": [],
  "timestamp": "1"
}
